Archive member included to satisfy reference by file (symbol)

/Applications/STM32CubeIDE.app/Contents/Eclipse/plugins/com.st.stm32cube.ide.mcu.externaltools.gnu-tools-for-stm32.7-2018-q2-update.macos64_1.0.0.201904181610/tools/bin/../lib/gcc/arm-none-eabi/7.3.1/../../../../arm-none-eabi/lib/thumb/v7e-m/fpv4-sp/hard/libc_nano.a(lib_a-errno.o)
                              applications/syscalls.o (__errno)
/Applications/STM32CubeIDE.app/Contents/Eclipse/plugins/com.st.stm32cube.ide.mcu.externaltools.gnu-tools-for-stm32.7-2018-q2-update.macos64_1.0.0.201904181610/tools/bin/../lib/gcc/arm-none-eabi/7.3.1/../../../../arm-none-eabi/lib/thumb/v7e-m/fpv4-sp/hard/libc_nano.a(lib_a-exit.o)
                              /Applications/STM32CubeIDE.app/Contents/Eclipse/plugins/com.st.stm32cube.ide.mcu.externaltools.gnu-tools-for-stm32.7-2018-q2-update.macos64_1.0.0.201904181610/tools/bin/../lib/gcc/arm-none-eabi/7.3.1/../../../../arm-none-eabi/lib/thumb/v7e-m/fpv4-sp/hard/crt0.o (exit)
/Applications/STM32CubeIDE.app/Contents/Eclipse/plugins/com.st.stm32cube.ide.mcu.externaltools.gnu-tools-for-stm32.7-2018-q2-update.macos64_1.0.0.201904181610/tools/bin/../lib/gcc/arm-none-eabi/7.3.1/../../../../arm-none-eabi/lib/thumb/v7e-m/fpv4-sp/hard/libc_nano.a(lib_a-impure.o)
                              /Applications/STM32CubeIDE.app/Contents/Eclipse/plugins/com.st.stm32cube.ide.mcu.externaltools.gnu-tools-for-stm32.7-2018-q2-update.macos64_1.0.0.201904181610/tools/bin/../lib/gcc/arm-none-eabi/7.3.1/../../../../arm-none-eabi/lib/thumb/v7e-m/fpv4-sp/hard/libc_nano.a(lib_a-exit.o) (_global_impure_ptr)
/Applications/STM32CubeIDE.app/Contents/Eclipse/plugins/com.st.stm32cube.ide.mcu.externaltools.gnu-tools-for-stm32.7-2018-q2-update.macos64_1.0.0.201904181610/tools/bin/../lib/gcc/arm-none-eabi/7.3.1/../../../../arm-none-eabi/lib/thumb/v7e-m/fpv4-sp/hard/libc_nano.a(lib_a-init.o)
                              /Applications/STM32CubeIDE.app/Contents/Eclipse/plugins/com.st.stm32cube.ide.mcu.externaltools.gnu-tools-for-stm32.7-2018-q2-update.macos64_1.0.0.201904181610/tools/bin/../lib/gcc/arm-none-eabi/7.3.1/../../../../arm-none-eabi/lib/thumb/v7e-m/fpv4-sp/hard/crt0.o (__libc_init_array)
/Applications/STM32CubeIDE.app/Contents/Eclipse/plugins/com.st.stm32cube.ide.mcu.externaltools.gnu-tools-for-stm32.7-2018-q2-update.macos64_1.0.0.201904181610/tools/bin/../lib/gcc/arm-none-eabi/7.3.1/../../../../arm-none-eabi/lib/thumb/v7e-m/fpv4-sp/hard/libc_nano.a(lib_a-memset.o)
                              /Applications/STM32CubeIDE.app/Contents/Eclipse/plugins/com.st.stm32cube.ide.mcu.externaltools.gnu-tools-for-stm32.7-2018-q2-update.macos64_1.0.0.201904181610/tools/bin/../lib/gcc/arm-none-eabi/7.3.1/../../../../arm-none-eabi/lib/thumb/v7e-m/fpv4-sp/hard/crt0.o (memset)

Allocating common symbols
Common symbol       size              file

highest_prio        0x1               applications/main.o
global_ticks        0x4               applications/main.o
tcb_index_sequence_table
                    0x22              applications/main.o
handle_array        0x20              applications/main.o
periodic_task_index
                    0x2               applications/main.o
current_periodic_task_ticks
                    0x2               applications/main.o
user_tcbs           0xcc              applications/main.o
task_ticks_table    0x22              applications/main.o
num_tasks           0x2               applications/main.o
hi_prio_set         0x1               applications/main.o
idle_task           0x8               applications/main.o
current_task        0x4               applications/main.o
block_status        0x2               applications/main.o

Discarded input sections

 .text          0x0000000000000000        0x0 /Applications/STM32CubeIDE.app/Contents/Eclipse/plugins/com.st.stm32cube.ide.mcu.externaltools.gnu-tools-for-stm32.7-2018-q2-update.macos64_1.0.0.201904181610/tools/bin/../lib/gcc/arm-none-eabi/7.3.1/thumb/v7e-m/fpv4-sp/hard/crti.o
 .data          0x0000000000000000        0x0 /Applications/STM32CubeIDE.app/Contents/Eclipse/plugins/com.st.stm32cube.ide.mcu.externaltools.gnu-tools-for-stm32.7-2018-q2-update.macos64_1.0.0.201904181610/tools/bin/../lib/gcc/arm-none-eabi/7.3.1/thumb/v7e-m/fpv4-sp/hard/crti.o
 .bss           0x0000000000000000        0x0 /Applications/STM32CubeIDE.app/Contents/Eclipse/plugins/com.st.stm32cube.ide.mcu.externaltools.gnu-tools-for-stm32.7-2018-q2-update.macos64_1.0.0.201904181610/tools/bin/../lib/gcc/arm-none-eabi/7.3.1/thumb/v7e-m/fpv4-sp/hard/crti.o
 .data          0x0000000000000000        0x4 /Applications/STM32CubeIDE.app/Contents/Eclipse/plugins/com.st.stm32cube.ide.mcu.externaltools.gnu-tools-for-stm32.7-2018-q2-update.macos64_1.0.0.201904181610/tools/bin/../lib/gcc/arm-none-eabi/7.3.1/thumb/v7e-m/fpv4-sp/hard/crtbegin.o
 .text          0x0000000000000000       0x74 /Applications/STM32CubeIDE.app/Contents/Eclipse/plugins/com.st.stm32cube.ide.mcu.externaltools.gnu-tools-for-stm32.7-2018-q2-update.macos64_1.0.0.201904181610/tools/bin/../lib/gcc/arm-none-eabi/7.3.1/../../../../arm-none-eabi/lib/thumb/v7e-m/fpv4-sp/hard/crt0.o
 .data          0x0000000000000000        0x0 /Applications/STM32CubeIDE.app/Contents/Eclipse/plugins/com.st.stm32cube.ide.mcu.externaltools.gnu-tools-for-stm32.7-2018-q2-update.macos64_1.0.0.201904181610/tools/bin/../lib/gcc/arm-none-eabi/7.3.1/../../../../arm-none-eabi/lib/thumb/v7e-m/fpv4-sp/hard/crt0.o
 .bss           0x0000000000000000        0x0 /Applications/STM32CubeIDE.app/Contents/Eclipse/plugins/com.st.stm32cube.ide.mcu.externaltools.gnu-tools-for-stm32.7-2018-q2-update.macos64_1.0.0.201904181610/tools/bin/../lib/gcc/arm-none-eabi/7.3.1/../../../../arm-none-eabi/lib/thumb/v7e-m/fpv4-sp/hard/crt0.o
 .ARM.extab     0x0000000000000000        0x0 /Applications/STM32CubeIDE.app/Contents/Eclipse/plugins/com.st.stm32cube.ide.mcu.externaltools.gnu-tools-for-stm32.7-2018-q2-update.macos64_1.0.0.201904181610/tools/bin/../lib/gcc/arm-none-eabi/7.3.1/../../../../arm-none-eabi/lib/thumb/v7e-m/fpv4-sp/hard/crt0.o
 .ARM.exidx     0x0000000000000000        0x8 /Applications/STM32CubeIDE.app/Contents/Eclipse/plugins/com.st.stm32cube.ide.mcu.externaltools.gnu-tools-for-stm32.7-2018-q2-update.macos64_1.0.0.201904181610/tools/bin/../lib/gcc/arm-none-eabi/7.3.1/../../../../arm-none-eabi/lib/thumb/v7e-m/fpv4-sp/hard/crt0.o
 .ARM.attributes
                0x0000000000000000       0x20 /Applications/STM32CubeIDE.app/Contents/Eclipse/plugins/com.st.stm32cube.ide.mcu.externaltools.gnu-tools-for-stm32.7-2018-q2-update.macos64_1.0.0.201904181610/tools/bin/../lib/gcc/arm-none-eabi/7.3.1/../../../../arm-none-eabi/lib/thumb/v7e-m/fpv4-sp/hard/crt0.o
 .text          0x0000000000000000       0x14 Startup/startup_stm32f446retx.o
 .data          0x0000000000000000        0x0 Startup/startup_stm32f446retx.o
 .bss           0x0000000000000000        0x0 Startup/startup_stm32f446retx.o
 .group         0x0000000000000000        0xc applications/main.o
 .group         0x0000000000000000        0xc applications/main.o
 .group         0x0000000000000000        0xc applications/main.o
 .group         0x0000000000000000        0xc applications/main.o
 .group         0x0000000000000000        0xc applications/main.o
 .group         0x0000000000000000        0xc applications/main.o
 .group         0x0000000000000000        0xc applications/main.o
 .group         0x0000000000000000        0xc applications/main.o
 .group         0x0000000000000000        0xc applications/main.o
 .group         0x0000000000000000        0xc applications/main.o
 .group         0x0000000000000000        0xc applications/main.o
 .group         0x0000000000000000        0xc applications/main.o
 .group         0x0000000000000000        0xc applications/main.o
 .group         0x0000000000000000        0xc applications/main.o
 .group         0x0000000000000000        0xc applications/main.o
 .group         0x0000000000000000        0xc applications/main.o
 .group         0x0000000000000000        0xc applications/main.o
 .group         0x0000000000000000        0xc applications/main.o
 .group         0x0000000000000000        0xc applications/main.o
 .group         0x0000000000000000        0xc applications/main.o
 .group         0x0000000000000000        0xc applications/main.o
 .group         0x0000000000000000        0xc applications/main.o
 .group         0x0000000000000000        0xc applications/main.o
 .group         0x0000000000000000        0xc applications/main.o
 .group         0x0000000000000000        0xc applications/main.o
 .group         0x0000000000000000        0xc applications/main.o
 .group         0x0000000000000000        0xc applications/main.o
 .group         0x0000000000000000        0xc applications/main.o
 .group         0x0000000000000000        0xc applications/main.o
 .group         0x0000000000000000        0xc applications/main.o
 .group         0x0000000000000000        0xc applications/main.o
 .group         0x0000000000000000        0xc applications/main.o
 .group         0x0000000000000000        0xc applications/main.o
 .text          0x0000000000000000        0x0 applications/main.o
 .data          0x0000000000000000        0x0 applications/main.o
 .bss           0x0000000000000000        0x0 applications/main.o
 .bss.count2    0x0000000000000000        0x2 applications/main.o
 .group         0x0000000000000000        0xc applications/syscalls.o
 .group         0x0000000000000000        0xc applications/syscalls.o
 .group         0x0000000000000000        0xc applications/syscalls.o
 .group         0x0000000000000000        0xc applications/syscalls.o
 .group         0x0000000000000000        0xc applications/syscalls.o
 .group         0x0000000000000000        0xc applications/syscalls.o
 .group         0x0000000000000000        0xc applications/syscalls.o
 .group         0x0000000000000000        0xc applications/syscalls.o
 .group         0x0000000000000000        0xc applications/syscalls.o
 .group         0x0000000000000000        0xc applications/syscalls.o
 .group         0x0000000000000000        0xc applications/syscalls.o
 .group         0x0000000000000000        0xc applications/syscalls.o
 .group         0x0000000000000000        0xc applications/syscalls.o
 .group         0x0000000000000000        0xc applications/syscalls.o
 .group         0x0000000000000000        0xc applications/syscalls.o
 .group         0x0000000000000000        0xc applications/syscalls.o
 .group         0x0000000000000000        0xc applications/syscalls.o
 .group         0x0000000000000000        0xc applications/syscalls.o
 .group         0x0000000000000000        0xc applications/syscalls.o
 .group         0x0000000000000000        0xc applications/syscalls.o
 .group         0x0000000000000000        0xc applications/syscalls.o
 .group         0x0000000000000000        0xc applications/syscalls.o
 .group         0x0000000000000000        0xc applications/syscalls.o
 .group         0x0000000000000000        0xc applications/syscalls.o
 .group         0x0000000000000000        0xc applications/syscalls.o
 .group         0x0000000000000000        0xc applications/syscalls.o
 .group         0x0000000000000000        0xc applications/syscalls.o
 .group         0x0000000000000000        0xc applications/syscalls.o
 .group         0x0000000000000000        0xc applications/syscalls.o
 .group         0x0000000000000000        0xc applications/syscalls.o
 .group         0x0000000000000000        0xc applications/syscalls.o
 .group         0x0000000000000000        0xc applications/syscalls.o
 .group         0x0000000000000000        0xc applications/syscalls.o
 .group         0x0000000000000000        0xc applications/syscalls.o
 .group         0x0000000000000000        0xc applications/syscalls.o
 .group         0x0000000000000000        0xc applications/syscalls.o
 .group         0x0000000000000000        0xc applications/syscalls.o
 .group         0x0000000000000000        0xc applications/syscalls.o
 .group         0x0000000000000000        0xc applications/syscalls.o
 .group         0x0000000000000000        0xc applications/syscalls.o
 .group         0x0000000000000000        0xc applications/syscalls.o
 .group         0x0000000000000000        0xc applications/syscalls.o
 .group         0x0000000000000000        0xc applications/syscalls.o
 .group         0x0000000000000000        0xc applications/syscalls.o
 .text          0x0000000000000000        0x0 applications/syscalls.o
 .data          0x0000000000000000        0x0 applications/syscalls.o
 .bss           0x0000000000000000        0x0 applications/syscalls.o
 .bss.__env     0x0000000000000000        0x4 applications/syscalls.o
 .data.environ  0x0000000000000000        0x4 applications/syscalls.o
 .text.initialise_monitor_handles
                0x0000000000000000        0xe applications/syscalls.o
 .text._getpid  0x0000000000000000       0x10 applications/syscalls.o
 .text._kill    0x0000000000000000       0x20 applications/syscalls.o
 .text._exit    0x0000000000000000       0x14 applications/syscalls.o
 .text._read    0x0000000000000000       0x3a applications/syscalls.o
 .text._write   0x0000000000000000       0x38 applications/syscalls.o
 .text._close   0x0000000000000000       0x18 applications/syscalls.o
 .text._fstat   0x0000000000000000       0x20 applications/syscalls.o
 .text._isatty  0x0000000000000000       0x16 applications/syscalls.o
 .text._lseek   0x0000000000000000       0x1a applications/syscalls.o
 .text._open    0x0000000000000000       0x1c applications/syscalls.o
 .text._wait    0x0000000000000000       0x1e applications/syscalls.o
 .text._unlink  0x0000000000000000       0x1e applications/syscalls.o
 .text._times   0x0000000000000000       0x18 applications/syscalls.o
 .text._stat    0x0000000000000000       0x20 applications/syscalls.o
 .text._link    0x0000000000000000       0x20 applications/syscalls.o
 .text._fork    0x0000000000000000       0x16 applications/syscalls.o
 .text._execve  0x0000000000000000       0x22 applications/syscalls.o
 .debug_info    0x0000000000000000      0xebd applications/syscalls.o
 .debug_abbrev  0x0000000000000000      0x261 applications/syscalls.o
 .debug_aranges
                0x0000000000000000       0xa8 applications/syscalls.o
 .debug_ranges  0x0000000000000000       0x98 applications/syscalls.o
 .debug_macro   0x0000000000000000      0x243 applications/syscalls.o
 .debug_macro   0x0000000000000000      0xa66 applications/syscalls.o
 .debug_macro   0x0000000000000000       0x22 applications/syscalls.o
 .debug_macro   0x0000000000000000       0x40 applications/syscalls.o
 .debug_macro   0x0000000000000000       0x18 applications/syscalls.o
 .debug_macro   0x0000000000000000       0x94 applications/syscalls.o
 .debug_macro   0x0000000000000000       0x3c applications/syscalls.o
 .debug_macro   0x0000000000000000       0x34 applications/syscalls.o
 .debug_macro   0x0000000000000000       0x57 applications/syscalls.o
 .debug_macro   0x0000000000000000      0x174 applications/syscalls.o
 .debug_macro   0x0000000000000000      0x330 applications/syscalls.o
 .debug_macro   0x0000000000000000       0x52 applications/syscalls.o
 .debug_macro   0x0000000000000000       0x1f applications/syscalls.o
 .debug_macro   0x0000000000000000       0x43 applications/syscalls.o
 .debug_macro   0x0000000000000000       0x20 applications/syscalls.o
 .debug_macro   0x0000000000000000      0x1a3 applications/syscalls.o
 .debug_macro   0x0000000000000000       0x10 applications/syscalls.o
 .debug_macro   0x0000000000000000       0x35 applications/syscalls.o
 .debug_macro   0x0000000000000000       0x10 applications/syscalls.o
 .debug_macro   0x0000000000000000       0x10 applications/syscalls.o
 .debug_macro   0x0000000000000000       0x10 applications/syscalls.o
 .debug_macro   0x0000000000000000       0x6a applications/syscalls.o
 .debug_macro   0x0000000000000000       0x1c applications/syscalls.o
 .debug_macro   0x0000000000000000       0x52 applications/syscalls.o
 .debug_macro   0x0000000000000000       0x40 applications/syscalls.o
 .debug_macro   0x0000000000000000       0x10 applications/syscalls.o
 .debug_macro   0x0000000000000000       0x40 applications/syscalls.o
 .debug_macro   0x0000000000000000       0xd7 applications/syscalls.o
 .debug_macro   0x0000000000000000       0x1c applications/syscalls.o
 .debug_macro   0x0000000000000000       0x3d applications/syscalls.o
 .debug_macro   0x0000000000000000       0x35 applications/syscalls.o
 .debug_macro   0x0000000000000000      0x122 applications/syscalls.o
 .debug_macro   0x0000000000000000       0x16 applications/syscalls.o
 .debug_macro   0x0000000000000000       0x16 applications/syscalls.o
 .debug_macro   0x0000000000000000       0x29 applications/syscalls.o
 .debug_macro   0x0000000000000000       0x10 applications/syscalls.o
 .debug_macro   0x0000000000000000      0x241 applications/syscalls.o
 .debug_macro   0x0000000000000000       0x1c applications/syscalls.o
 .debug_macro   0x0000000000000000       0x10 applications/syscalls.o
 .debug_macro   0x0000000000000000       0x10 applications/syscalls.o
 .debug_macro   0x0000000000000000       0x16 applications/syscalls.o
 .debug_macro   0x0000000000000000      0x145 applications/syscalls.o
 .debug_macro   0x0000000000000000      0x189 applications/syscalls.o
 .debug_macro   0x0000000000000000       0x16 applications/syscalls.o
 .debug_macro   0x0000000000000000       0x88 applications/syscalls.o
 .debug_line    0x0000000000000000      0x782 applications/syscalls.o
 .debug_str     0x0000000000000000     0x88b0 applications/syscalls.o
 .comment       0x0000000000000000       0x7c applications/syscalls.o
 .debug_frame   0x0000000000000000      0x2ac applications/syscalls.o
 .ARM.attributes
                0x0000000000000000       0x39 applications/syscalls.o
 .group         0x0000000000000000        0xc applications/sysmem.o
 .group         0x0000000000000000        0xc applications/sysmem.o
 .group         0x0000000000000000        0xc applications/sysmem.o
 .group         0x0000000000000000        0xc applications/sysmem.o
 .group         0x0000000000000000        0xc applications/sysmem.o
 .group         0x0000000000000000        0xc applications/sysmem.o
 .group         0x0000000000000000        0xc applications/sysmem.o
 .group         0x0000000000000000        0xc applications/sysmem.o
 .group         0x0000000000000000        0xc applications/sysmem.o
 .group         0x0000000000000000        0xc applications/sysmem.o
 .group         0x0000000000000000        0xc applications/sysmem.o
 .group         0x0000000000000000        0xc applications/sysmem.o
 .group         0x0000000000000000        0xc applications/sysmem.o
 .group         0x0000000000000000        0xc applications/sysmem.o
 .group         0x0000000000000000        0xc applications/sysmem.o
 .group         0x0000000000000000        0xc applications/sysmem.o
 .group         0x0000000000000000        0xc applications/sysmem.o
 .group         0x0000000000000000        0xc applications/sysmem.o
 .group         0x0000000000000000        0xc applications/sysmem.o
 .group         0x0000000000000000        0xc applications/sysmem.o
 .group         0x0000000000000000        0xc applications/sysmem.o
 .group         0x0000000000000000        0xc applications/sysmem.o
 .group         0x0000000000000000        0xc applications/sysmem.o
 .group         0x0000000000000000        0xc applications/sysmem.o
 .group         0x0000000000000000        0xc applications/sysmem.o
 .group         0x0000000000000000        0xc applications/sysmem.o
 .group         0x0000000000000000        0xc applications/sysmem.o
 .group         0x0000000000000000        0xc applications/sysmem.o
 .group         0x0000000000000000        0xc applications/sysmem.o
 .group         0x0000000000000000        0xc applications/sysmem.o
 .group         0x0000000000000000        0xc applications/sysmem.o
 .group         0x0000000000000000        0xc applications/sysmem.o
 .text          0x0000000000000000        0x0 applications/sysmem.o
 .data          0x0000000000000000        0x0 applications/sysmem.o
 .bss           0x0000000000000000        0x0 applications/sysmem.o
 .bss.heap_end.6424
                0x0000000000000000        0x4 applications/sysmem.o
 .text._sbrk    0x0000000000000000       0x58 applications/sysmem.o
 .debug_info    0x0000000000000000      0x91c applications/sysmem.o
 .debug_abbrev  0x0000000000000000      0x1bb applications/sysmem.o
 .debug_aranges
                0x0000000000000000       0x20 applications/sysmem.o
 .debug_ranges  0x0000000000000000       0x10 applications/sysmem.o
 .debug_macro   0x0000000000000000      0x1ae applications/sysmem.o
 .debug_macro   0x0000000000000000      0xa66 applications/sysmem.o
 .debug_macro   0x0000000000000000       0x10 applications/sysmem.o
 .debug_macro   0x0000000000000000       0x22 applications/sysmem.o
 .debug_macro   0x0000000000000000       0x40 applications/sysmem.o
 .debug_macro   0x0000000000000000       0x18 applications/sysmem.o
 .debug_macro   0x0000000000000000       0x94 applications/sysmem.o
 .debug_macro   0x0000000000000000       0x3c applications/sysmem.o
 .debug_macro   0x0000000000000000       0x34 applications/sysmem.o
 .debug_macro   0x0000000000000000      0x174 applications/sysmem.o
 .debug_macro   0x0000000000000000       0x57 applications/sysmem.o
 .debug_macro   0x0000000000000000       0x52 applications/sysmem.o
 .debug_macro   0x0000000000000000       0x1f applications/sysmem.o
 .debug_macro   0x0000000000000000       0x43 applications/sysmem.o
 .debug_macro   0x0000000000000000       0x20 applications/sysmem.o
 .debug_macro   0x0000000000000000      0x1a3 applications/sysmem.o
 .debug_macro   0x0000000000000000      0x23b applications/sysmem.o
 .debug_macro   0x0000000000000000       0x16 applications/sysmem.o
 .debug_macro   0x0000000000000000       0x35 applications/sysmem.o
 .debug_macro   0x0000000000000000      0x330 applications/sysmem.o
 .debug_macro   0x0000000000000000       0x10 applications/sysmem.o
 .debug_macro   0x0000000000000000       0x10 applications/sysmem.o
 .debug_macro   0x0000000000000000       0x6a applications/sysmem.o
 .debug_macro   0x0000000000000000       0x1c applications/sysmem.o
 .debug_macro   0x0000000000000000       0x52 applications/sysmem.o
 .debug_macro   0x0000000000000000       0x40 applications/sysmem.o
 .debug_macro   0x0000000000000000       0x10 applications/sysmem.o
 .debug_macro   0x0000000000000000       0x40 applications/sysmem.o
 .debug_macro   0x0000000000000000       0xd7 applications/sysmem.o
 .debug_macro   0x0000000000000000       0x1c applications/sysmem.o
 .debug_macro   0x0000000000000000       0x3d applications/sysmem.o
 .debug_macro   0x0000000000000000       0x16 applications/sysmem.o
 .debug_macro   0x0000000000000000      0x145 applications/sysmem.o
 .debug_line    0x0000000000000000      0x59e applications/sysmem.o
 .debug_str     0x0000000000000000     0x7b09 applications/sysmem.o
 .comment       0x0000000000000000       0x7c applications/sysmem.o
 .debug_frame   0x0000000000000000       0x34 applications/sysmem.o
 .ARM.attributes
                0x0000000000000000       0x39 applications/sysmem.o
 .group         0x0000000000000000        0xc src/led.o
 .group         0x0000000000000000        0xc src/led.o
 .group         0x0000000000000000        0xc src/led.o
 .group         0x0000000000000000        0xc src/led.o
 .group         0x0000000000000000        0xc src/led.o
 .group         0x0000000000000000        0xc src/led.o
 .group         0x0000000000000000        0xc src/led.o
 .group         0x0000000000000000        0xc src/led.o
 .text          0x0000000000000000        0x0 src/led.o
 .data          0x0000000000000000        0x0 src/led.o
 .bss           0x0000000000000000        0x0 src/led.o
 .text.delay    0x0000000000000000       0x28 src/led.o
 .debug_macro   0x0000000000000000      0xa66 src/led.o
 .debug_macro   0x0000000000000000       0x22 src/led.o
 .debug_macro   0x0000000000000000       0x6a src/led.o
 .debug_macro   0x0000000000000000       0x40 src/led.o
 .group         0x0000000000000000        0xc src/org_template.o
 .text          0x0000000000000000        0x0 src/org_template.o
 .data          0x0000000000000000        0x0 src/org_template.o
 .bss           0x0000000000000000        0x0 src/org_template.o
 .debug_info    0x0000000000000000       0x21 src/org_template.o
 .debug_abbrev  0x0000000000000000       0x13 src/org_template.o
 .debug_aranges
                0x0000000000000000       0x18 src/org_template.o
 .debug_macro   0x0000000000000000       0x11 src/org_template.o
 .debug_macro   0x0000000000000000      0xa66 src/org_template.o
 .debug_line    0x0000000000000000       0x36 src/org_template.o
 .debug_str     0x0000000000000000     0x2d08 src/org_template.o
 .comment       0x0000000000000000       0x7c src/org_template.o
 .ARM.attributes
                0x0000000000000000       0x39 src/org_template.o
 .group         0x0000000000000000        0xc src/oskernel.o
 .group         0x0000000000000000        0xc src/oskernel.o
 .group         0x0000000000000000        0xc src/oskernel.o
 .group         0x0000000000000000        0xc src/oskernel.o
 .group         0x0000000000000000        0xc src/oskernel.o
 .group         0x0000000000000000        0xc src/oskernel.o
 .group         0x0000000000000000        0xc src/oskernel.o
 .group         0x0000000000000000        0xc src/oskernel.o
 .group         0x0000000000000000        0xc src/oskernel.o
 .group         0x0000000000000000        0xc src/oskernel.o
 .group         0x0000000000000000        0xc src/oskernel.o
 .group         0x0000000000000000        0xc src/oskernel.o
 .group         0x0000000000000000        0xc src/oskernel.o
 .group         0x0000000000000000        0xc src/oskernel.o
 .group         0x0000000000000000        0xc src/oskernel.o
 .group         0x0000000000000000        0xc src/oskernel.o
 .group         0x0000000000000000        0xc src/oskernel.o
 .group         0x0000000000000000        0xc src/oskernel.o
 .group         0x0000000000000000        0xc src/oskernel.o
 .group         0x0000000000000000        0xc src/oskernel.o
 .group         0x0000000000000000        0xc src/oskernel.o
 .group         0x0000000000000000        0xc src/oskernel.o
 .group         0x0000000000000000        0xc src/oskernel.o
 .group         0x0000000000000000        0xc src/oskernel.o
 .group         0x0000000000000000        0xc src/oskernel.o
 .group         0x0000000000000000        0xc src/oskernel.o
 .group         0x0000000000000000        0xc src/oskernel.o
 .group         0x0000000000000000        0xc src/oskernel.o
 .group         0x0000000000000000        0xc src/oskernel.o
 .group         0x0000000000000000        0xc src/oskernel.o
 .group         0x0000000000000000        0xc src/oskernel.o
 .group         0x0000000000000000        0xc src/oskernel.o
 .text          0x0000000000000000        0x0 src/oskernel.o
 .data          0x0000000000000000        0x0 src/oskernel.o
 .bss           0x0000000000000000        0x0 src/oskernel.o
 .debug_macro   0x0000000000000000      0xa66 src/oskernel.o
 .debug_macro   0x0000000000000000       0x22 src/oskernel.o
 .debug_macro   0x0000000000000000       0x40 src/oskernel.o
 .debug_macro   0x0000000000000000       0x18 src/oskernel.o
 .debug_macro   0x0000000000000000       0x94 src/oskernel.o
 .debug_macro   0x0000000000000000       0x3c src/oskernel.o
 .debug_macro   0x0000000000000000       0x34 src/oskernel.o
 .debug_macro   0x0000000000000000       0x16 src/oskernel.o
 .debug_macro   0x0000000000000000       0x57 src/oskernel.o
 .debug_macro   0x0000000000000000       0x97 src/oskernel.o
 .debug_macro   0x0000000000000000      0x330 src/oskernel.o
 .debug_macro   0x0000000000000000       0xfd src/oskernel.o
 .debug_macro   0x0000000000000000       0x10 src/oskernel.o
 .debug_macro   0x0000000000000000       0x52 src/oskernel.o
 .debug_macro   0x0000000000000000       0x1f src/oskernel.o
 .debug_macro   0x0000000000000000       0x43 src/oskernel.o
 .debug_macro   0x0000000000000000       0x20 src/oskernel.o
 .debug_macro   0x0000000000000000      0x1a3 src/oskernel.o
 .debug_macro   0x0000000000000000       0x10 src/oskernel.o
 .debug_macro   0x0000000000000000       0x6a src/oskernel.o
 .debug_macro   0x0000000000000000       0x1c src/oskernel.o
 .debug_macro   0x0000000000000000       0x52 src/oskernel.o
 .debug_macro   0x0000000000000000       0x40 src/oskernel.o
 .debug_macro   0x0000000000000000       0x10 src/oskernel.o
 .debug_macro   0x0000000000000000       0x40 src/oskernel.o
 .debug_macro   0x0000000000000000       0xd7 src/oskernel.o
 .debug_macro   0x0000000000000000       0x1c src/oskernel.o
 .debug_macro   0x0000000000000000       0x3d src/oskernel.o
 .debug_macro   0x0000000000000000       0x16 src/oskernel.o
 .debug_macro   0x0000000000000000      0x145 src/oskernel.o
 .debug_macro   0x0000000000000000       0x5e src/oskernel.o
 .debug_macro   0x0000000000000000       0x82 src/oskernel.o
 .group         0x0000000000000000        0xc src/task.o
 .group         0x0000000000000000        0xc src/task.o
 .group         0x0000000000000000        0xc src/task.o
 .group         0x0000000000000000        0xc src/task.o
 .group         0x0000000000000000        0xc src/task.o
 .group         0x0000000000000000        0xc src/task.o
 .group         0x0000000000000000        0xc src/task.o
 .group         0x0000000000000000        0xc src/task.o
 .group         0x0000000000000000        0xc src/task.o
 .group         0x0000000000000000        0xc src/task.o
 .group         0x0000000000000000        0xc src/task.o
 .group         0x0000000000000000        0xc src/task.o
 .group         0x0000000000000000        0xc src/task.o
 .group         0x0000000000000000        0xc src/task.o
 .group         0x0000000000000000        0xc src/task.o
 .group         0x0000000000000000        0xc src/task.o
 .group         0x0000000000000000        0xc src/task.o
 .group         0x0000000000000000        0xc src/task.o
 .group         0x0000000000000000        0xc src/task.o
 .group         0x0000000000000000        0xc src/task.o
 .group         0x0000000000000000        0xc src/task.o
 .group         0x0000000000000000        0xc src/task.o
 .group         0x0000000000000000        0xc src/task.o
 .group         0x0000000000000000        0xc src/task.o
 .group         0x0000000000000000        0xc src/task.o
 .group         0x0000000000000000        0xc src/task.o
 .group         0x0000000000000000        0xc src/task.o
 .group         0x0000000000000000        0xc src/task.o
 .group         0x0000000000000000        0xc src/task.o
 .group         0x0000000000000000        0xc src/task.o
 .group         0x0000000000000000        0xc src/task.o
 .group         0x0000000000000000        0xc src/task.o
 .text          0x0000000000000000        0x0 src/task.o
 .data          0x0000000000000000        0x0 src/task.o
 .bss           0x0000000000000000        0x0 src/task.o
 .text.task_block
                0x0000000000000000       0x60 src/task.o
 .text.task_unblock
                0x0000000000000000       0x50 src/task.o
 .debug_macro   0x0000000000000000      0xa66 src/task.o
 .debug_macro   0x0000000000000000       0x22 src/task.o
 .debug_macro   0x0000000000000000       0x40 src/task.o
 .debug_macro   0x0000000000000000       0x18 src/task.o
 .debug_macro   0x0000000000000000       0x94 src/task.o
 .debug_macro   0x0000000000000000       0x3c src/task.o
 .debug_macro   0x0000000000000000       0x34 src/task.o
 .debug_macro   0x0000000000000000       0x16 src/task.o
 .debug_macro   0x0000000000000000       0x57 src/task.o
 .debug_macro   0x0000000000000000       0x97 src/task.o
 .debug_macro   0x0000000000000000      0x330 src/task.o
 .debug_macro   0x0000000000000000       0xfd src/task.o
 .debug_macro   0x0000000000000000       0x10 src/task.o
 .debug_macro   0x0000000000000000       0x52 src/task.o
 .debug_macro   0x0000000000000000       0x1f src/task.o
 .debug_macro   0x0000000000000000       0x43 src/task.o
 .debug_macro   0x0000000000000000       0x20 src/task.o
 .debug_macro   0x0000000000000000      0x1a3 src/task.o
 .debug_macro   0x0000000000000000       0x10 src/task.o
 .debug_macro   0x0000000000000000       0x6a src/task.o
 .debug_macro   0x0000000000000000       0x1c src/task.o
 .debug_macro   0x0000000000000000       0x52 src/task.o
 .debug_macro   0x0000000000000000       0x40 src/task.o
 .debug_macro   0x0000000000000000       0x10 src/task.o
 .debug_macro   0x0000000000000000       0x40 src/task.o
 .debug_macro   0x0000000000000000       0xd7 src/task.o
 .debug_macro   0x0000000000000000       0x1c src/task.o
 .debug_macro   0x0000000000000000       0x3d src/task.o
 .debug_macro   0x0000000000000000       0x16 src/task.o
 .debug_macro   0x0000000000000000      0x145 src/task.o
 .debug_macro   0x0000000000000000       0x5e src/task.o
 .debug_macro   0x0000000000000000       0x82 src/task.o
 .text          0x0000000000000000        0x0 /Applications/STM32CubeIDE.app/Contents/Eclipse/plugins/com.st.stm32cube.ide.mcu.externaltools.gnu-tools-for-stm32.7-2018-q2-update.macos64_1.0.0.201904181610/tools/bin/../lib/gcc/arm-none-eabi/7.3.1/../../../../arm-none-eabi/lib/thumb/v7e-m/fpv4-sp/hard/libc_nano.a(lib_a-errno.o)
 .data          0x0000000000000000        0x0 /Applications/STM32CubeIDE.app/Contents/Eclipse/plugins/com.st.stm32cube.ide.mcu.externaltools.gnu-tools-for-stm32.7-2018-q2-update.macos64_1.0.0.201904181610/tools/bin/../lib/gcc/arm-none-eabi/7.3.1/../../../../arm-none-eabi/lib/thumb/v7e-m/fpv4-sp/hard/libc_nano.a(lib_a-errno.o)
 .bss           0x0000000000000000        0x0 /Applications/STM32CubeIDE.app/Contents/Eclipse/plugins/com.st.stm32cube.ide.mcu.externaltools.gnu-tools-for-stm32.7-2018-q2-update.macos64_1.0.0.201904181610/tools/bin/../lib/gcc/arm-none-eabi/7.3.1/../../../../arm-none-eabi/lib/thumb/v7e-m/fpv4-sp/hard/libc_nano.a(lib_a-errno.o)
 .text.__errno  0x0000000000000000        0xc /Applications/STM32CubeIDE.app/Contents/Eclipse/plugins/com.st.stm32cube.ide.mcu.externaltools.gnu-tools-for-stm32.7-2018-q2-update.macos64_1.0.0.201904181610/tools/bin/../lib/gcc/arm-none-eabi/7.3.1/../../../../arm-none-eabi/lib/thumb/v7e-m/fpv4-sp/hard/libc_nano.a(lib_a-errno.o)
 .debug_frame   0x0000000000000000       0x20 /Applications/STM32CubeIDE.app/Contents/Eclipse/plugins/com.st.stm32cube.ide.mcu.externaltools.gnu-tools-for-stm32.7-2018-q2-update.macos64_1.0.0.201904181610/tools/bin/../lib/gcc/arm-none-eabi/7.3.1/../../../../arm-none-eabi/lib/thumb/v7e-m/fpv4-sp/hard/libc_nano.a(lib_a-errno.o)
 .ARM.attributes
                0x0000000000000000       0x34 /Applications/STM32CubeIDE.app/Contents/Eclipse/plugins/com.st.stm32cube.ide.mcu.externaltools.gnu-tools-for-stm32.7-2018-q2-update.macos64_1.0.0.201904181610/tools/bin/../lib/gcc/arm-none-eabi/7.3.1/../../../../arm-none-eabi/lib/thumb/v7e-m/fpv4-sp/hard/libc_nano.a(lib_a-errno.o)
 .text          0x0000000000000000        0x0 /Applications/STM32CubeIDE.app/Contents/Eclipse/plugins/com.st.stm32cube.ide.mcu.externaltools.gnu-tools-for-stm32.7-2018-q2-update.macos64_1.0.0.201904181610/tools/bin/../lib/gcc/arm-none-eabi/7.3.1/../../../../arm-none-eabi/lib/thumb/v7e-m/fpv4-sp/hard/libc_nano.a(lib_a-exit.o)
 .data          0x0000000000000000        0x0 /Applications/STM32CubeIDE.app/Contents/Eclipse/plugins/com.st.stm32cube.ide.mcu.externaltools.gnu-tools-for-stm32.7-2018-q2-update.macos64_1.0.0.201904181610/tools/bin/../lib/gcc/arm-none-eabi/7.3.1/../../../../arm-none-eabi/lib/thumb/v7e-m/fpv4-sp/hard/libc_nano.a(lib_a-exit.o)
 .bss           0x0000000000000000        0x0 /Applications/STM32CubeIDE.app/Contents/Eclipse/plugins/com.st.stm32cube.ide.mcu.externaltools.gnu-tools-for-stm32.7-2018-q2-update.macos64_1.0.0.201904181610/tools/bin/../lib/gcc/arm-none-eabi/7.3.1/../../../../arm-none-eabi/lib/thumb/v7e-m/fpv4-sp/hard/libc_nano.a(lib_a-exit.o)
 .text.exit     0x0000000000000000       0x28 /Applications/STM32CubeIDE.app/Contents/Eclipse/plugins/com.st.stm32cube.ide.mcu.externaltools.gnu-tools-for-stm32.7-2018-q2-update.macos64_1.0.0.201904181610/tools/bin/../lib/gcc/arm-none-eabi/7.3.1/../../../../arm-none-eabi/lib/thumb/v7e-m/fpv4-sp/hard/libc_nano.a(lib_a-exit.o)
 .debug_frame   0x0000000000000000       0x28 /Applications/STM32CubeIDE.app/Contents/Eclipse/plugins/com.st.stm32cube.ide.mcu.externaltools.gnu-tools-for-stm32.7-2018-q2-update.macos64_1.0.0.201904181610/tools/bin/../lib/gcc/arm-none-eabi/7.3.1/../../../../arm-none-eabi/lib/thumb/v7e-m/fpv4-sp/hard/libc_nano.a(lib_a-exit.o)
 .ARM.attributes
                0x0000000000000000       0x34 /Applications/STM32CubeIDE.app/Contents/Eclipse/plugins/com.st.stm32cube.ide.mcu.externaltools.gnu-tools-for-stm32.7-2018-q2-update.macos64_1.0.0.201904181610/tools/bin/../lib/gcc/arm-none-eabi/7.3.1/../../../../arm-none-eabi/lib/thumb/v7e-m/fpv4-sp/hard/libc_nano.a(lib_a-exit.o)
 .text          0x0000000000000000        0x0 /Applications/STM32CubeIDE.app/Contents/Eclipse/plugins/com.st.stm32cube.ide.mcu.externaltools.gnu-tools-for-stm32.7-2018-q2-update.macos64_1.0.0.201904181610/tools/bin/../lib/gcc/arm-none-eabi/7.3.1/../../../../arm-none-eabi/lib/thumb/v7e-m/fpv4-sp/hard/libc_nano.a(lib_a-impure.o)
 .data          0x0000000000000000        0x0 /Applications/STM32CubeIDE.app/Contents/Eclipse/plugins/com.st.stm32cube.ide.mcu.externaltools.gnu-tools-for-stm32.7-2018-q2-update.macos64_1.0.0.201904181610/tools/bin/../lib/gcc/arm-none-eabi/7.3.1/../../../../arm-none-eabi/lib/thumb/v7e-m/fpv4-sp/hard/libc_nano.a(lib_a-impure.o)
 .bss           0x0000000000000000        0x0 /Applications/STM32CubeIDE.app/Contents/Eclipse/plugins/com.st.stm32cube.ide.mcu.externaltools.gnu-tools-for-stm32.7-2018-q2-update.macos64_1.0.0.201904181610/tools/bin/../lib/gcc/arm-none-eabi/7.3.1/../../../../arm-none-eabi/lib/thumb/v7e-m/fpv4-sp/hard/libc_nano.a(lib_a-impure.o)
 .data._impure_ptr
                0x0000000000000000        0x4 /Applications/STM32CubeIDE.app/Contents/Eclipse/plugins/com.st.stm32cube.ide.mcu.externaltools.gnu-tools-for-stm32.7-2018-q2-update.macos64_1.0.0.201904181610/tools/bin/../lib/gcc/arm-none-eabi/7.3.1/../../../../arm-none-eabi/lib/thumb/v7e-m/fpv4-sp/hard/libc_nano.a(lib_a-impure.o)
 .data.impure_data
                0x0000000000000000       0x60 /Applications/STM32CubeIDE.app/Contents/Eclipse/plugins/com.st.stm32cube.ide.mcu.externaltools.gnu-tools-for-stm32.7-2018-q2-update.macos64_1.0.0.201904181610/tools/bin/../lib/gcc/arm-none-eabi/7.3.1/../../../../arm-none-eabi/lib/thumb/v7e-m/fpv4-sp/hard/libc_nano.a(lib_a-impure.o)
 .rodata._global_impure_ptr
                0x0000000000000000        0x4 /Applications/STM32CubeIDE.app/Contents/Eclipse/plugins/com.st.stm32cube.ide.mcu.externaltools.gnu-tools-for-stm32.7-2018-q2-update.macos64_1.0.0.201904181610/tools/bin/../lib/gcc/arm-none-eabi/7.3.1/../../../../arm-none-eabi/lib/thumb/v7e-m/fpv4-sp/hard/libc_nano.a(lib_a-impure.o)
 .ARM.attributes
                0x0000000000000000       0x34 /Applications/STM32CubeIDE.app/Contents/Eclipse/plugins/com.st.stm32cube.ide.mcu.externaltools.gnu-tools-for-stm32.7-2018-q2-update.macos64_1.0.0.201904181610/tools/bin/../lib/gcc/arm-none-eabi/7.3.1/../../../../arm-none-eabi/lib/thumb/v7e-m/fpv4-sp/hard/libc_nano.a(lib_a-impure.o)
 .text          0x0000000000000000        0x0 /Applications/STM32CubeIDE.app/Contents/Eclipse/plugins/com.st.stm32cube.ide.mcu.externaltools.gnu-tools-for-stm32.7-2018-q2-update.macos64_1.0.0.201904181610/tools/bin/../lib/gcc/arm-none-eabi/7.3.1/../../../../arm-none-eabi/lib/thumb/v7e-m/fpv4-sp/hard/libc_nano.a(lib_a-init.o)
 .data          0x0000000000000000        0x0 /Applications/STM32CubeIDE.app/Contents/Eclipse/plugins/com.st.stm32cube.ide.mcu.externaltools.gnu-tools-for-stm32.7-2018-q2-update.macos64_1.0.0.201904181610/tools/bin/../lib/gcc/arm-none-eabi/7.3.1/../../../../arm-none-eabi/lib/thumb/v7e-m/fpv4-sp/hard/libc_nano.a(lib_a-init.o)
 .bss           0x0000000000000000        0x0 /Applications/STM32CubeIDE.app/Contents/Eclipse/plugins/com.st.stm32cube.ide.mcu.externaltools.gnu-tools-for-stm32.7-2018-q2-update.macos64_1.0.0.201904181610/tools/bin/../lib/gcc/arm-none-eabi/7.3.1/../../../../arm-none-eabi/lib/thumb/v7e-m/fpv4-sp/hard/libc_nano.a(lib_a-init.o)
 .text          0x0000000000000000        0x0 /Applications/STM32CubeIDE.app/Contents/Eclipse/plugins/com.st.stm32cube.ide.mcu.externaltools.gnu-tools-for-stm32.7-2018-q2-update.macos64_1.0.0.201904181610/tools/bin/../lib/gcc/arm-none-eabi/7.3.1/../../../../arm-none-eabi/lib/thumb/v7e-m/fpv4-sp/hard/libc_nano.a(lib_a-memset.o)
 .data          0x0000000000000000        0x0 /Applications/STM32CubeIDE.app/Contents/Eclipse/plugins/com.st.stm32cube.ide.mcu.externaltools.gnu-tools-for-stm32.7-2018-q2-update.macos64_1.0.0.201904181610/tools/bin/../lib/gcc/arm-none-eabi/7.3.1/../../../../arm-none-eabi/lib/thumb/v7e-m/fpv4-sp/hard/libc_nano.a(lib_a-memset.o)
 .bss           0x0000000000000000        0x0 /Applications/STM32CubeIDE.app/Contents/Eclipse/plugins/com.st.stm32cube.ide.mcu.externaltools.gnu-tools-for-stm32.7-2018-q2-update.macos64_1.0.0.201904181610/tools/bin/../lib/gcc/arm-none-eabi/7.3.1/../../../../arm-none-eabi/lib/thumb/v7e-m/fpv4-sp/hard/libc_nano.a(lib_a-memset.o)
 .text.memset   0x0000000000000000       0x10 /Applications/STM32CubeIDE.app/Contents/Eclipse/plugins/com.st.stm32cube.ide.mcu.externaltools.gnu-tools-for-stm32.7-2018-q2-update.macos64_1.0.0.201904181610/tools/bin/../lib/gcc/arm-none-eabi/7.3.1/../../../../arm-none-eabi/lib/thumb/v7e-m/fpv4-sp/hard/libc_nano.a(lib_a-memset.o)
 .debug_frame   0x0000000000000000       0x20 /Applications/STM32CubeIDE.app/Contents/Eclipse/plugins/com.st.stm32cube.ide.mcu.externaltools.gnu-tools-for-stm32.7-2018-q2-update.macos64_1.0.0.201904181610/tools/bin/../lib/gcc/arm-none-eabi/7.3.1/../../../../arm-none-eabi/lib/thumb/v7e-m/fpv4-sp/hard/libc_nano.a(lib_a-memset.o)
 .ARM.attributes
                0x0000000000000000       0x34 /Applications/STM32CubeIDE.app/Contents/Eclipse/plugins/com.st.stm32cube.ide.mcu.externaltools.gnu-tools-for-stm32.7-2018-q2-update.macos64_1.0.0.201904181610/tools/bin/../lib/gcc/arm-none-eabi/7.3.1/../../../../arm-none-eabi/lib/thumb/v7e-m/fpv4-sp/hard/libc_nano.a(lib_a-memset.o)
 .text          0x0000000000000000        0x0 /Applications/STM32CubeIDE.app/Contents/Eclipse/plugins/com.st.stm32cube.ide.mcu.externaltools.gnu-tools-for-stm32.7-2018-q2-update.macos64_1.0.0.201904181610/tools/bin/../lib/gcc/arm-none-eabi/7.3.1/thumb/v7e-m/fpv4-sp/hard/crtend.o
 .data          0x0000000000000000        0x0 /Applications/STM32CubeIDE.app/Contents/Eclipse/plugins/com.st.stm32cube.ide.mcu.externaltools.gnu-tools-for-stm32.7-2018-q2-update.macos64_1.0.0.201904181610/tools/bin/../lib/gcc/arm-none-eabi/7.3.1/thumb/v7e-m/fpv4-sp/hard/crtend.o
 .bss           0x0000000000000000        0x0 /Applications/STM32CubeIDE.app/Contents/Eclipse/plugins/com.st.stm32cube.ide.mcu.externaltools.gnu-tools-for-stm32.7-2018-q2-update.macos64_1.0.0.201904181610/tools/bin/../lib/gcc/arm-none-eabi/7.3.1/thumb/v7e-m/fpv4-sp/hard/crtend.o
 .eh_frame      0x0000000000000000        0x4 /Applications/STM32CubeIDE.app/Contents/Eclipse/plugins/com.st.stm32cube.ide.mcu.externaltools.gnu-tools-for-stm32.7-2018-q2-update.macos64_1.0.0.201904181610/tools/bin/../lib/gcc/arm-none-eabi/7.3.1/thumb/v7e-m/fpv4-sp/hard/crtend.o
 .ARM.attributes
                0x0000000000000000       0x34 /Applications/STM32CubeIDE.app/Contents/Eclipse/plugins/com.st.stm32cube.ide.mcu.externaltools.gnu-tools-for-stm32.7-2018-q2-update.macos64_1.0.0.201904181610/tools/bin/../lib/gcc/arm-none-eabi/7.3.1/thumb/v7e-m/fpv4-sp/hard/crtend.o
 .text          0x0000000000000000        0x0 /Applications/STM32CubeIDE.app/Contents/Eclipse/plugins/com.st.stm32cube.ide.mcu.externaltools.gnu-tools-for-stm32.7-2018-q2-update.macos64_1.0.0.201904181610/tools/bin/../lib/gcc/arm-none-eabi/7.3.1/thumb/v7e-m/fpv4-sp/hard/crtn.o
 .data          0x0000000000000000        0x0 /Applications/STM32CubeIDE.app/Contents/Eclipse/plugins/com.st.stm32cube.ide.mcu.externaltools.gnu-tools-for-stm32.7-2018-q2-update.macos64_1.0.0.201904181610/tools/bin/../lib/gcc/arm-none-eabi/7.3.1/thumb/v7e-m/fpv4-sp/hard/crtn.o
 .bss           0x0000000000000000        0x0 /Applications/STM32CubeIDE.app/Contents/Eclipse/plugins/com.st.stm32cube.ide.mcu.externaltools.gnu-tools-for-stm32.7-2018-q2-update.macos64_1.0.0.201904181610/tools/bin/../lib/gcc/arm-none-eabi/7.3.1/thumb/v7e-m/fpv4-sp/hard/crtn.o

Memory Configuration

Name             Origin             Length             Attributes
RAM              0x0000000020000000 0x0000000000020000 xrw
ROM              0x0000000008000000 0x0000000000080000 xr
*default*        0x0000000000000000 0xffffffffffffffff

Linker script and memory map

LOAD /Applications/STM32CubeIDE.app/Contents/Eclipse/plugins/com.st.stm32cube.ide.mcu.externaltools.gnu-tools-for-stm32.7-2018-q2-update.macos64_1.0.0.201904181610/tools/bin/../lib/gcc/arm-none-eabi/7.3.1/thumb/v7e-m/fpv4-sp/hard/crti.o
LOAD /Applications/STM32CubeIDE.app/Contents/Eclipse/plugins/com.st.stm32cube.ide.mcu.externaltools.gnu-tools-for-stm32.7-2018-q2-update.macos64_1.0.0.201904181610/tools/bin/../lib/gcc/arm-none-eabi/7.3.1/thumb/v7e-m/fpv4-sp/hard/crtbegin.o
LOAD /Applications/STM32CubeIDE.app/Contents/Eclipse/plugins/com.st.stm32cube.ide.mcu.externaltools.gnu-tools-for-stm32.7-2018-q2-update.macos64_1.0.0.201904181610/tools/bin/../lib/gcc/arm-none-eabi/7.3.1/../../../../arm-none-eabi/lib/thumb/v7e-m/fpv4-sp/hard/crt0.o
LOAD Startup/startup_stm32f446retx.o
LOAD applications/main.o
LOAD applications/syscalls.o
LOAD applications/sysmem.o
LOAD src/led.o
LOAD src/org_template.o
LOAD src/oskernel.o
LOAD src/task.o
START GROUP
LOAD /Applications/STM32CubeIDE.app/Contents/Eclipse/plugins/com.st.stm32cube.ide.mcu.externaltools.gnu-tools-for-stm32.7-2018-q2-update.macos64_1.0.0.201904181610/tools/bin/../lib/gcc/arm-none-eabi/7.3.1/../../../../arm-none-eabi/lib/thumb/v7e-m/fpv4-sp/hard/libc_nano.a
LOAD /Applications/STM32CubeIDE.app/Contents/Eclipse/plugins/com.st.stm32cube.ide.mcu.externaltools.gnu-tools-for-stm32.7-2018-q2-update.macos64_1.0.0.201904181610/tools/bin/../lib/gcc/arm-none-eabi/7.3.1/../../../../arm-none-eabi/lib/thumb/v7e-m/fpv4-sp/hard/libm.a
END GROUP
START GROUP
LOAD /Applications/STM32CubeIDE.app/Contents/Eclipse/plugins/com.st.stm32cube.ide.mcu.externaltools.gnu-tools-for-stm32.7-2018-q2-update.macos64_1.0.0.201904181610/tools/bin/../lib/gcc/arm-none-eabi/7.3.1/thumb/v7e-m/fpv4-sp/hard/libgcc.a
LOAD /Applications/STM32CubeIDE.app/Contents/Eclipse/plugins/com.st.stm32cube.ide.mcu.externaltools.gnu-tools-for-stm32.7-2018-q2-update.macos64_1.0.0.201904181610/tools/bin/../lib/gcc/arm-none-eabi/7.3.1/../../../../arm-none-eabi/lib/thumb/v7e-m/fpv4-sp/hard/libc_nano.a
END GROUP
START GROUP
LOAD /Applications/STM32CubeIDE.app/Contents/Eclipse/plugins/com.st.stm32cube.ide.mcu.externaltools.gnu-tools-for-stm32.7-2018-q2-update.macos64_1.0.0.201904181610/tools/bin/../lib/gcc/arm-none-eabi/7.3.1/thumb/v7e-m/fpv4-sp/hard/libgcc.a
LOAD /Applications/STM32CubeIDE.app/Contents/Eclipse/plugins/com.st.stm32cube.ide.mcu.externaltools.gnu-tools-for-stm32.7-2018-q2-update.macos64_1.0.0.201904181610/tools/bin/../lib/gcc/arm-none-eabi/7.3.1/../../../../arm-none-eabi/lib/thumb/v7e-m/fpv4-sp/hard/libc_nano.a
LOAD /Applications/STM32CubeIDE.app/Contents/Eclipse/plugins/com.st.stm32cube.ide.mcu.externaltools.gnu-tools-for-stm32.7-2018-q2-update.macos64_1.0.0.201904181610/tools/bin/../lib/gcc/arm-none-eabi/7.3.1/../../../../arm-none-eabi/lib/thumb/v7e-m/fpv4-sp/hard/libnosys.a
END GROUP
START GROUP
LOAD /Applications/STM32CubeIDE.app/Contents/Eclipse/plugins/com.st.stm32cube.ide.mcu.externaltools.gnu-tools-for-stm32.7-2018-q2-update.macos64_1.0.0.201904181610/tools/bin/../lib/gcc/arm-none-eabi/7.3.1/thumb/v7e-m/fpv4-sp/hard/libgcc.a
LOAD /Applications/STM32CubeIDE.app/Contents/Eclipse/plugins/com.st.stm32cube.ide.mcu.externaltools.gnu-tools-for-stm32.7-2018-q2-update.macos64_1.0.0.201904181610/tools/bin/../lib/gcc/arm-none-eabi/7.3.1/../../../../arm-none-eabi/lib/thumb/v7e-m/fpv4-sp/hard/libc_nano.a
LOAD /Applications/STM32CubeIDE.app/Contents/Eclipse/plugins/com.st.stm32cube.ide.mcu.externaltools.gnu-tools-for-stm32.7-2018-q2-update.macos64_1.0.0.201904181610/tools/bin/../lib/gcc/arm-none-eabi/7.3.1/../../../../arm-none-eabi/lib/thumb/v7e-m/fpv4-sp/hard/libnosys.a
END GROUP
LOAD /Applications/STM32CubeIDE.app/Contents/Eclipse/plugins/com.st.stm32cube.ide.mcu.externaltools.gnu-tools-for-stm32.7-2018-q2-update.macos64_1.0.0.201904181610/tools/bin/../lib/gcc/arm-none-eabi/7.3.1/thumb/v7e-m/fpv4-sp/hard/crtend.o
LOAD /Applications/STM32CubeIDE.app/Contents/Eclipse/plugins/com.st.stm32cube.ide.mcu.externaltools.gnu-tools-for-stm32.7-2018-q2-update.macos64_1.0.0.201904181610/tools/bin/../lib/gcc/arm-none-eabi/7.3.1/thumb/v7e-m/fpv4-sp/hard/crtn.o
                0x0000000020020000                _estack = (ORIGIN (RAM) + LENGTH (RAM))
                0x0000000000000200                _Min_Heap_Size = 0x200
                0x0000000000000400                _Min_Stack_Size = 0x400

.isr_vector     0x0000000008000000      0x1c4
                0x0000000008000000                . = ALIGN (0x4)
 *(.isr_vector)
 .isr_vector    0x0000000008000000      0x1c4 Startup/startup_stm32f446retx.o
                0x0000000008000000                g_pfnVectors
                0x00000000080001c4                . = ALIGN (0x4)

.text           0x00000000080001c4      0xa00
                0x00000000080001c4                . = ALIGN (0x4)
 *(.text)
 .text          0x00000000080001c4       0x40 /Applications/STM32CubeIDE.app/Contents/Eclipse/plugins/com.st.stm32cube.ide.mcu.externaltools.gnu-tools-for-stm32.7-2018-q2-update.macos64_1.0.0.201904181610/tools/bin/../lib/gcc/arm-none-eabi/7.3.1/thumb/v7e-m/fpv4-sp/hard/crtbegin.o
 *(.text*)
 .text.Reset_Handler
                0x0000000008000204       0x50 Startup/startup_stm32f446retx.o
                0x0000000008000204                Reset_Handler
 .text.Default_Handler
                0x0000000008000254        0x2 Startup/startup_stm32f446retx.o
                0x0000000008000254                DMA1_Stream3_IRQHandler
                0x0000000008000254                EXTI2_IRQHandler
                0x0000000008000254                TIM8_CC_IRQHandler
                0x0000000008000254                SPDIF_Rx_IRQHandler
                0x0000000008000254                DebugMon_Handler
                0x0000000008000254                SPI4_IRQHandler
                0x0000000008000254                TIM1_CC_IRQHandler
                0x0000000008000254                QuadSPI_IRQHandler
                0x0000000008000254                DMA2_Stream5_IRQHandler
                0x0000000008000254                HardFault_Handler
                0x0000000008000254                DMA1_Stream5_IRQHandler
                0x0000000008000254                PVD_IRQHandler
                0x0000000008000254                SDIO_IRQHandler
                0x0000000008000254                TAMP_STAMP_IRQHandler
                0x0000000008000254                NMI_Handler
                0x0000000008000254                CAN2_RX1_IRQHandler
                0x0000000008000254                EXTI3_IRQHandler
                0x0000000008000254                TIM8_TRG_COM_TIM14_IRQHandler
                0x0000000008000254                TIM1_UP_TIM10_IRQHandler
                0x0000000008000254                FMPI2C1_error_IRQHandler
                0x0000000008000254                TIM8_UP_TIM13_IRQHandler
                0x0000000008000254                I2C3_ER_IRQHandler
                0x0000000008000254                EXTI0_IRQHandler
                0x0000000008000254                I2C2_EV_IRQHandler
                0x0000000008000254                DMA1_Stream2_IRQHandler
                0x0000000008000254                CAN1_RX0_IRQHandler
                0x0000000008000254                FPU_IRQHandler
                0x0000000008000254                OTG_HS_WKUP_IRQHandler
                0x0000000008000254                UsageFault_Handler
                0x0000000008000254                CAN2_SCE_IRQHandler
                0x0000000008000254                DMA2_Stream2_IRQHandler
                0x0000000008000254                SPI1_IRQHandler
                0x0000000008000254                TIM6_DAC_IRQHandler
                0x0000000008000254                TIM1_BRK_TIM9_IRQHandler
                0x0000000008000254                DCMI_IRQHandler
                0x0000000008000254                CAN2_RX0_IRQHandler
                0x0000000008000254                DMA2_Stream3_IRQHandler
                0x0000000008000254                FMPI2C1_IRQHandler
                0x0000000008000254                SAI2_IRQHandler
                0x0000000008000254                USART6_IRQHandler
                0x0000000008000254                USART3_IRQHandler
                0x0000000008000254                CAN1_RX1_IRQHandler
                0x0000000008000254                UART5_IRQHandler
                0x0000000008000254                DMA2_Stream0_IRQHandler
                0x0000000008000254                TIM4_IRQHandler
                0x0000000008000254                I2C1_EV_IRQHandler
                0x0000000008000254                HDMI_CEC_IRQHandler
                0x0000000008000254                DMA1_Stream6_IRQHandler
                0x0000000008000254                DMA1_Stream1_IRQHandler
                0x0000000008000254                UART4_IRQHandler
                0x0000000008000254                TIM3_IRQHandler
                0x0000000008000254                RCC_IRQHandler
                0x0000000008000254                TIM8_BRK_TIM12_IRQHandler
                0x0000000008000254                Default_Handler
                0x0000000008000254                EXTI15_10_IRQHandler
                0x0000000008000254                ADC_IRQHandler
                0x0000000008000254                DMA1_Stream7_IRQHandler
                0x0000000008000254                TIM7_IRQHandler
                0x0000000008000254                CAN2_TX_IRQHandler
                0x0000000008000254                TIM5_IRQHandler
                0x0000000008000254                DMA2_Stream7_IRQHandler
                0x0000000008000254                I2C3_EV_IRQHandler
                0x0000000008000254                EXTI9_5_IRQHandler
                0x0000000008000254                RTC_WKUP_IRQHandler
                0x0000000008000254                SPI2_IRQHandler
                0x0000000008000254                OTG_HS_EP1_IN_IRQHandler
                0x0000000008000254                MemManage_Handler
                0x0000000008000254                DMA1_Stream0_IRQHandler
                0x0000000008000254                CAN1_TX_IRQHandler
                0x0000000008000254                EXTI4_IRQHandler
                0x0000000008000254                OTG_HS_EP1_OUT_IRQHandler
                0x0000000008000254                WWDG_IRQHandler
                0x0000000008000254                TIM2_IRQHandler
                0x0000000008000254                OTG_FS_WKUP_IRQHandler
                0x0000000008000254                TIM1_TRG_COM_TIM11_IRQHandler
                0x0000000008000254                OTG_HS_IRQHandler
                0x0000000008000254                EXTI1_IRQHandler
                0x0000000008000254                USART2_IRQHandler
                0x0000000008000254                I2C2_ER_IRQHandler
                0x0000000008000254                DMA2_Stream1_IRQHandler
                0x0000000008000254                CAN1_SCE_IRQHandler
                0x0000000008000254                FLASH_IRQHandler
                0x0000000008000254                DMA2_Stream4_IRQHandler
                0x0000000008000254                BusFault_Handler
                0x0000000008000254                USART1_IRQHandler
                0x0000000008000254                OTG_FS_IRQHandler
                0x0000000008000254                SPI3_IRQHandler
                0x0000000008000254                DMA1_Stream4_IRQHandler
                0x0000000008000254                I2C1_ER_IRQHandler
                0x0000000008000254                FMC_IRQHandler
                0x0000000008000254                DMA2_Stream6_IRQHandler
                0x0000000008000254                SAI1_IRQHandler
                0x0000000008000254                RTC_Alarm_IRQHandler
 *fill*         0x0000000008000256        0x2 
 .text.main     0x0000000008000258       0x68 applications/main.o
                0x0000000008000258                main
 .text.task1    0x00000000080002c0       0x18 applications/main.o
                0x00000000080002c0                task1
 .text.task2    0x00000000080002d8       0x26 applications/main.o
                0x00000000080002d8                task2
 *fill*         0x00000000080002fe        0x2 
 .text.task3    0x0000000008000300       0x60 applications/main.o
                0x0000000008000300                task3
 .text.task4    0x0000000008000360       0x54 applications/main.o
                0x0000000008000360                task4
 .text.led_init_all
                0x00000000080003b4       0x74 src/led.o
                0x00000000080003b4                led_init_all
 .text.led_on   0x0000000008000428       0x30 src/led.o
                0x0000000008000428                led_on
 .text.led_off  0x0000000008000458       0x34 src/led.o
                0x0000000008000458                led_off
 .text.kernel_fast_fetch_tcb_index
                0x000000000800048c       0x38 src/oskernel.o
 .text.kernel_idle_thread
                0x00000000080004c4        0x6 src/oskernel.o
 *fill*         0x00000000080004ca        0x2 
 .text.kernel_init_global_ticks_and_current_task
                0x00000000080004cc       0x40 src/oskernel.o
 .text.kernel_systick_init
                0x000000000800050c       0x3c src/oskernel.o
 .text.kernel_get_psp_val
                0x0000000008000548       0x50 src/oskernel.o
 .text.kernel_save_psp_value
                0x0000000008000598       0x58 src/oskernel.o
 .text.kernel_update_next_task
                0x00000000080005f0       0xb0 src/oskernel.o
 .text.kernel_update_global_tick
                0x00000000080006a0       0x1c src/oskernel.o
 .text.kernel_unblock_tasks
                0x00000000080006bc       0xb8 src/oskernel.o
 .text.kernel_block_low_priority_tasks
                0x0000000008000774       0xb0 src/oskernel.o
 .text.kernel_create_idle_task
                0x0000000008000824       0x1c src/oskernel.o
 .text.kernel_get_first_psp_val_in_pp
                0x0000000008000840       0x6c src/oskernel.o
 .text.kernel_scheduler_init
                0x00000000080008ac       0x12 src/oskernel.o
                0x00000000080008ac                kernel_scheduler_init
 .text.kernel_scheduler_launch
                0x00000000080008be       0x34 src/oskernel.o
                0x00000000080008be                kernel_scheduler_launch
 .text.PendSV_Handler
                0x00000000080008f2       0x26 src/oskernel.o
                0x00000000080008f2                PendSV_Handler
 .text.SysTick_Handler
                0x0000000008000918       0x38 src/oskernel.o
                0x0000000008000918                SysTick_Handler
 .text.SVC_Handler
                0x0000000008000950       0x20 src/oskernel.o
                0x0000000008000950                SVC_Handler
 .text.task_create
                0x0000000008000970      0x10c src/task.o
                0x0000000008000970                task_create
 .text.task_delay
                0x0000000008000a7c       0x94 src/task.o
                0x0000000008000a7c                task_delay
 .text.task_set_priority
                0x0000000008000b10       0x54 src/task.o
                0x0000000008000b10                task_set_priority
 .text.__libc_init_array
                0x0000000008000b64       0x48 /Applications/STM32CubeIDE.app/Contents/Eclipse/plugins/com.st.stm32cube.ide.mcu.externaltools.gnu-tools-for-stm32.7-2018-q2-update.macos64_1.0.0.201904181610/tools/bin/../lib/gcc/arm-none-eabi/7.3.1/../../../../arm-none-eabi/lib/thumb/v7e-m/fpv4-sp/hard/libc_nano.a(lib_a-init.o)
                0x0000000008000b64                __libc_init_array
 *(.glue_7)
 .glue_7        0x0000000008000bac        0x0 linker stubs
 *(.glue_7t)
 .glue_7t       0x0000000008000bac        0x0 linker stubs
 *(.eh_frame)
 .eh_frame      0x0000000008000bac        0x0 /Applications/STM32CubeIDE.app/Contents/Eclipse/plugins/com.st.stm32cube.ide.mcu.externaltools.gnu-tools-for-stm32.7-2018-q2-update.macos64_1.0.0.201904181610/tools/bin/../lib/gcc/arm-none-eabi/7.3.1/thumb/v7e-m/fpv4-sp/hard/crtbegin.o
 *(.init)
 .init          0x0000000008000bac        0x4 /Applications/STM32CubeIDE.app/Contents/Eclipse/plugins/com.st.stm32cube.ide.mcu.externaltools.gnu-tools-for-stm32.7-2018-q2-update.macos64_1.0.0.201904181610/tools/bin/../lib/gcc/arm-none-eabi/7.3.1/thumb/v7e-m/fpv4-sp/hard/crti.o
                0x0000000008000bac                _init
 .init          0x0000000008000bb0        0x8 /Applications/STM32CubeIDE.app/Contents/Eclipse/plugins/com.st.stm32cube.ide.mcu.externaltools.gnu-tools-for-stm32.7-2018-q2-update.macos64_1.0.0.201904181610/tools/bin/../lib/gcc/arm-none-eabi/7.3.1/thumb/v7e-m/fpv4-sp/hard/crtn.o
 *(.fini)
 .fini          0x0000000008000bb8        0x4 /Applications/STM32CubeIDE.app/Contents/Eclipse/plugins/com.st.stm32cube.ide.mcu.externaltools.gnu-tools-for-stm32.7-2018-q2-update.macos64_1.0.0.201904181610/tools/bin/../lib/gcc/arm-none-eabi/7.3.1/thumb/v7e-m/fpv4-sp/hard/crti.o
                0x0000000008000bb8                _fini
 .fini          0x0000000008000bbc        0x8 /Applications/STM32CubeIDE.app/Contents/Eclipse/plugins/com.st.stm32cube.ide.mcu.externaltools.gnu-tools-for-stm32.7-2018-q2-update.macos64_1.0.0.201904181610/tools/bin/../lib/gcc/arm-none-eabi/7.3.1/thumb/v7e-m/fpv4-sp/hard/crtn.o
                0x0000000008000bc4                . = ALIGN (0x4)
                0x0000000008000bc4                _etext = .

.vfp11_veneer   0x0000000008000bc4        0x0
 .vfp11_veneer  0x0000000008000bc4        0x0 linker stubs

.v4_bx          0x0000000008000bc4        0x0
 .v4_bx         0x0000000008000bc4        0x0 linker stubs

.iplt           0x0000000008000bc4        0x0
 .iplt          0x0000000008000bc4        0x0 /Applications/STM32CubeIDE.app/Contents/Eclipse/plugins/com.st.stm32cube.ide.mcu.externaltools.gnu-tools-for-stm32.7-2018-q2-update.macos64_1.0.0.201904181610/tools/bin/../lib/gcc/arm-none-eabi/7.3.1/thumb/v7e-m/fpv4-sp/hard/crtbegin.o

.rodata         0x0000000008000bc4       0x40
                0x0000000008000bc4                . = ALIGN (0x4)
 *(.rodata)
 *(.rodata*)
 .rodata.de_bruijn_lookup
                0x0000000008000bc4       0x40 src/oskernel.o
                0x0000000008000c04                . = ALIGN (0x4)

.rel.dyn        0x0000000008000c04        0x0
 .rel.iplt      0x0000000008000c04        0x0 /Applications/STM32CubeIDE.app/Contents/Eclipse/plugins/com.st.stm32cube.ide.mcu.externaltools.gnu-tools-for-stm32.7-2018-q2-update.macos64_1.0.0.201904181610/tools/bin/../lib/gcc/arm-none-eabi/7.3.1/thumb/v7e-m/fpv4-sp/hard/crtbegin.o

.ARM.extab      0x0000000008000c04        0x0
                0x0000000008000c04                . = ALIGN (0x4)
 *(.ARM.extab* .gnu.linkonce.armextab.*)
                0x0000000008000c04                . = ALIGN (0x4)

.ARM            0x0000000008000c04        0x0
                0x0000000008000c04                . = ALIGN (0x4)
                0x0000000008000c04                __exidx_start = .
 *(.ARM.exidx*)
                0x0000000008000c04                __exidx_end = .
                0x0000000008000c04                . = ALIGN (0x4)

.preinit_array  0x0000000008000c04        0x0
                0x0000000008000c04                . = ALIGN (0x4)
                0x0000000008000c04                PROVIDE (__preinit_array_start = .)
 *(.preinit_array*)
                0x0000000008000c04                PROVIDE (__preinit_array_end = .)
                0x0000000008000c04                . = ALIGN (0x4)

.init_array     0x0000000008000c04        0x4
                0x0000000008000c04                . = ALIGN (0x4)
                0x0000000008000c04                PROVIDE (__init_array_start = .)
 *(SORT_BY_NAME(.init_array.*))
 *(.init_array*)
 .init_array    0x0000000008000c04        0x4 /Applications/STM32CubeIDE.app/Contents/Eclipse/plugins/com.st.stm32cube.ide.mcu.externaltools.gnu-tools-for-stm32.7-2018-q2-update.macos64_1.0.0.201904181610/tools/bin/../lib/gcc/arm-none-eabi/7.3.1/thumb/v7e-m/fpv4-sp/hard/crtbegin.o
                0x0000000008000c08                PROVIDE (__init_array_end = .)
                0x0000000008000c08                . = ALIGN (0x4)

.fini_array     0x0000000008000c08        0x4
                0x0000000008000c08                . = ALIGN (0x4)
                [!provide]                        PROVIDE (__fini_array_start = .)
 *(SORT_BY_NAME(.fini_array.*))
 *(.fini_array*)
 .fini_array    0x0000000008000c08        0x4 /Applications/STM32CubeIDE.app/Contents/Eclipse/plugins/com.st.stm32cube.ide.mcu.externaltools.gnu-tools-for-stm32.7-2018-q2-update.macos64_1.0.0.201904181610/tools/bin/../lib/gcc/arm-none-eabi/7.3.1/thumb/v7e-m/fpv4-sp/hard/crtbegin.o
                [!provide]                        PROVIDE (__fini_array_end = .)
                0x0000000008000c0c                . = ALIGN (0x4)
                0x0000000008000c0c                _sidata = LOADADDR (.data)

.data           0x0000000020000000        0x4 load address 0x0000000008000c0c
                0x0000000020000000                . = ALIGN (0x4)
                0x0000000020000000                _sdata = .
 *(.data)
 *(.data*)
 .data.next_stack_start
                0x0000000020000000        0x4 src/task.o
                0x0000000020000004                . = ALIGN (0x4)
                0x0000000020000004                _edata = .

.igot.plt       0x0000000020000004        0x0 load address 0x0000000008000c10
 .igot.plt      0x0000000020000004        0x0 /Applications/STM32CubeIDE.app/Contents/Eclipse/plugins/com.st.stm32cube.ide.mcu.externaltools.gnu-tools-for-stm32.7-2018-q2-update.macos64_1.0.0.201904181610/tools/bin/../lib/gcc/arm-none-eabi/7.3.1/thumb/v7e-m/fpv4-sp/hard/crtbegin.o
                0x0000000020000004                . = ALIGN (0x4)

.bss            0x0000000020000004      0x17c load address 0x0000000008000c10
                0x0000000020000004                _sbss = .
                0x0000000020000004                __bss_start__ = _sbss
 *(.bss)
 .bss           0x0000000020000004       0x1c /Applications/STM32CubeIDE.app/Contents/Eclipse/plugins/com.st.stm32cube.ide.mcu.externaltools.gnu-tools-for-stm32.7-2018-q2-update.macos64_1.0.0.201904181610/tools/bin/../lib/gcc/arm-none-eabi/7.3.1/thumb/v7e-m/fpv4-sp/hard/crtbegin.o
 *(.bss*)
 .bss.count1    0x0000000020000020        0x2 applications/main.o
                0x0000000020000020                count1
 .bss.count3    0x0000000020000022        0x2 applications/main.o
                0x0000000020000022                count3
 .bss.count4    0x0000000020000024        0x2 applications/main.o
                0x0000000020000024                count4
 .bss.idle_running
                0x0000000020000026        0x1 src/oskernel.o
 *fill*         0x0000000020000027        0x1 
 .bss.index_to_assign
                0x0000000020000028        0x2 src/task.o
 *(COMMON)
 *fill*         0x000000002000002a        0x2 
 COMMON         0x000000002000002c      0x152 applications/main.o
                0x000000002000002c                highest_prio
                0x0000000020000030                global_ticks
                0x0000000020000034                tcb_index_sequence_table
                0x0000000020000058                handle_array
                0x0000000020000078                periodic_task_index
                0x000000002000007a                current_periodic_task_ticks
                0x000000002000007c                user_tcbs
                0x0000000020000148                task_ticks_table
                0x000000002000016a                num_tasks
                0x000000002000016c                hi_prio_set
                0x0000000020000170                idle_task
                0x0000000020000178                current_task
                0x000000002000017c                block_status
                0x0000000020000180                . = ALIGN (0x4)
 *fill*         0x000000002000017e        0x2 
                0x0000000020000180                _ebss = .
                0x0000000020000180                __bss_end__ = _ebss

._user_heap_stack
                0x0000000020000180      0x600 load address 0x0000000008000c10
                0x0000000020000180                . = ALIGN (0x8)
                0x0000000020000180                PROVIDE (end = .)
                [!provide]                        PROVIDE (_end = .)
                0x0000000020000380                . = (. + _Min_Heap_Size)
 *fill*         0x0000000020000180      0x200 
                0x0000000020000780                . = (. + _Min_Stack_Size)
 *fill*         0x0000000020000380      0x400 
                0x0000000020000780                . = ALIGN (0x8)

/DISCARD/
 libc.a(*)
 libm.a(*)
 libgcc.a(*)

.ARM.attributes
                0x0000000000000000       0x30
 *(.ARM.attributes)
 .ARM.attributes
                0x0000000000000000       0x22 /Applications/STM32CubeIDE.app/Contents/Eclipse/plugins/com.st.stm32cube.ide.mcu.externaltools.gnu-tools-for-stm32.7-2018-q2-update.macos64_1.0.0.201904181610/tools/bin/../lib/gcc/arm-none-eabi/7.3.1/thumb/v7e-m/fpv4-sp/hard/crti.o
 .ARM.attributes
                0x0000000000000022       0x34 /Applications/STM32CubeIDE.app/Contents/Eclipse/plugins/com.st.stm32cube.ide.mcu.externaltools.gnu-tools-for-stm32.7-2018-q2-update.macos64_1.0.0.201904181610/tools/bin/../lib/gcc/arm-none-eabi/7.3.1/thumb/v7e-m/fpv4-sp/hard/crtbegin.o
 .ARM.attributes
                0x0000000000000056       0x21 Startup/startup_stm32f446retx.o
 .ARM.attributes
                0x0000000000000077       0x39 applications/main.o
 .ARM.attributes
                0x00000000000000b0       0x39 src/led.o
 .ARM.attributes
                0x00000000000000e9       0x39 src/oskernel.o
 .ARM.attributes
                0x0000000000000122       0x39 src/task.o
 .ARM.attributes
                0x000000000000015b       0x34 /Applications/STM32CubeIDE.app/Contents/Eclipse/plugins/com.st.stm32cube.ide.mcu.externaltools.gnu-tools-for-stm32.7-2018-q2-update.macos64_1.0.0.201904181610/tools/bin/../lib/gcc/arm-none-eabi/7.3.1/../../../../arm-none-eabi/lib/thumb/v7e-m/fpv4-sp/hard/libc_nano.a(lib_a-init.o)
 .ARM.attributes
                0x000000000000018f       0x22 /Applications/STM32CubeIDE.app/Contents/Eclipse/plugins/com.st.stm32cube.ide.mcu.externaltools.gnu-tools-for-stm32.7-2018-q2-update.macos64_1.0.0.201904181610/tools/bin/../lib/gcc/arm-none-eabi/7.3.1/thumb/v7e-m/fpv4-sp/hard/crtn.o
OUTPUT(FranRTOS.elf elf32-littlearm)

.debug_line     0x0000000000000000     0x186f
 .debug_line    0x0000000000000000       0x84 Startup/startup_stm32f446retx.o
 .debug_line    0x0000000000000084      0x647 applications/main.o
 .debug_line    0x00000000000006cb      0x408 src/led.o
 .debug_line    0x0000000000000ad3      0x764 src/oskernel.o
 .debug_line    0x0000000000001237      0x638 src/task.o

.debug_info     0x0000000000000000     0x275e
 .debug_info    0x0000000000000000       0x22 Startup/startup_stm32f446retx.o
 .debug_info    0x0000000000000022      0xb15 applications/main.o
 .debug_info    0x0000000000000b37      0x16e src/led.o
 .debug_info    0x0000000000000ca5      0xe19 src/oskernel.o
 .debug_info    0x0000000000001abe      0xca0 src/task.o

.debug_abbrev   0x0000000000000000      0x73a
 .debug_abbrev  0x0000000000000000       0x12 Startup/startup_stm32f446retx.o
 .debug_abbrev  0x0000000000000012      0x1cf applications/main.o
 .debug_abbrev  0x00000000000001e1       0xc5 src/led.o
 .debug_abbrev  0x00000000000002a6      0x2a9 src/oskernel.o
 .debug_abbrev  0x000000000000054f      0x1eb src/task.o

.debug_aranges  0x0000000000000000      0x180
 .debug_aranges
                0x0000000000000000       0x28 Startup/startup_stm32f446retx.o
 .debug_aranges
                0x0000000000000028       0x40 applications/main.o
 .debug_aranges
                0x0000000000000068       0x38 src/led.o
 .debug_aranges
                0x00000000000000a0       0xa0 src/oskernel.o
 .debug_aranges
                0x0000000000000140       0x40 src/task.o

.debug_str      0x0000000000000000     0x8944
 .debug_str     0x0000000000000000       0x6f Startup/startup_stm32f446retx.o
 .debug_str     0x000000000000006f     0x7aa7 applications/main.o
                                       0x7cda (size before relaxing)
 .debug_str     0x0000000000007b16      0x99f src/led.o
                                       0x3d75 (size before relaxing)
 .debug_str     0x00000000000084b5      0x403 src/oskernel.o
                                       0x7f9a (size before relaxing)
 .debug_str     0x00000000000088b8       0x8c src/task.o
                                       0x7d7a (size before relaxing)

.debug_ranges   0x0000000000000000      0x138
 .debug_ranges  0x0000000000000000       0x20 Startup/startup_stm32f446retx.o
 .debug_ranges  0x0000000000000020       0x30 applications/main.o
 .debug_ranges  0x0000000000000050       0x28 src/led.o
 .debug_ranges  0x0000000000000078       0x90 src/oskernel.o
 .debug_ranges  0x0000000000000108       0x30 src/task.o

.debug_macro    0x0000000000000000     0x2239
 .debug_macro   0x0000000000000000      0x1d1 applications/main.o
 .debug_macro   0x00000000000001d1      0xa66 applications/main.o
 .debug_macro   0x0000000000000c37       0x22 applications/main.o
 .debug_macro   0x0000000000000c59       0x40 applications/main.o
 .debug_macro   0x0000000000000c99       0x18 applications/main.o
 .debug_macro   0x0000000000000cb1       0x94 applications/main.o
 .debug_macro   0x0000000000000d45       0x3c applications/main.o
 .debug_macro   0x0000000000000d81       0x34 applications/main.o
 .debug_macro   0x0000000000000db5       0x16 applications/main.o
 .debug_macro   0x0000000000000dcb       0x57 applications/main.o
 .debug_macro   0x0000000000000e22       0x97 applications/main.o
 .debug_macro   0x0000000000000eb9      0x330 applications/main.o
 .debug_macro   0x00000000000011e9       0xfd applications/main.o
 .debug_macro   0x00000000000012e6       0x10 applications/main.o
 .debug_macro   0x00000000000012f6       0x52 applications/main.o
 .debug_macro   0x0000000000001348       0x1f applications/main.o
 .debug_macro   0x0000000000001367       0x43 applications/main.o
 .debug_macro   0x00000000000013aa       0x20 applications/main.o
 .debug_macro   0x00000000000013ca      0x1a3 applications/main.o
 .debug_macro   0x000000000000156d       0x10 applications/main.o
 .debug_macro   0x000000000000157d       0x6a applications/main.o
 .debug_macro   0x00000000000015e7       0x1c applications/main.o
 .debug_macro   0x0000000000001603       0x52 applications/main.o
 .debug_macro   0x0000000000001655       0x40 applications/main.o
 .debug_macro   0x0000000000001695       0x10 applications/main.o
 .debug_macro   0x00000000000016a5       0x40 applications/main.o
 .debug_macro   0x00000000000016e5       0xd7 applications/main.o
 .debug_macro   0x00000000000017bc       0x1c applications/main.o
 .debug_macro   0x00000000000017d8       0x3d applications/main.o
 .debug_macro   0x0000000000001815       0x16 applications/main.o
 .debug_macro   0x000000000000182b      0x145 applications/main.o
 .debug_macro   0x0000000000001970       0x5e applications/main.o
 .debug_macro   0x00000000000019ce       0x82 applications/main.o
 .debug_macro   0x0000000000001a50       0x40 applications/main.o
 .debug_macro   0x0000000000001a90       0x6c src/led.o
 .debug_macro   0x0000000000001afc       0x8e src/led.o
 .debug_macro   0x0000000000001b8a       0x51 src/led.o
 .debug_macro   0x0000000000001bdb       0xef src/led.o
 .debug_macro   0x0000000000001cca      0x1df src/led.o
 .debug_macro   0x0000000000001ea9      0x1c8 src/oskernel.o
 .debug_macro   0x0000000000002071      0x1c8 src/task.o

.comment        0x0000000000000000       0x7b
 .comment       0x0000000000000000       0x7b applications/main.o
                                         0x7c (size before relaxing)
 .comment       0x000000000000007b       0x7c src/led.o
 .comment       0x000000000000007b       0x7c src/oskernel.o
 .comment       0x000000000000007b       0x7c src/task.o

.debug_frame    0x0000000000000000      0x450
 .debug_frame   0x0000000000000000       0x98 applications/main.o
 .debug_frame   0x0000000000000098       0xac src/led.o
 .debug_frame   0x0000000000000144      0x208 src/oskernel.o
 .debug_frame   0x000000000000034c       0xd8 src/task.o
 .debug_frame   0x0000000000000424       0x2c /Applications/STM32CubeIDE.app/Contents/Eclipse/plugins/com.st.stm32cube.ide.mcu.externaltools.gnu-tools-for-stm32.7-2018-q2-update.macos64_1.0.0.201904181610/tools/bin/../lib/gcc/arm-none-eabi/7.3.1/../../../../arm-none-eabi/lib/thumb/v7e-m/fpv4-sp/hard/libc_nano.a(lib_a-init.o)
